// Jest Snapshot v1, https://goo.gl/fbAQLP

exports[`Quantity should render the quantity and its content 1`] = `
<div>
  <div
    class="chakra-input__group css-4302v8"
  >
    <div
      class="chakra-input__left-element css-o84xzr"
    >
      <button
        aria-label="Decrease"
        class="chakra-button css-p7mkev"
        data-testid="decrease-quantity"
        type="button"
      >
        <svg
          aria-hidden="true"
          class="chakra-icon css-13otjrl"
          fill="currentColor"
          focusable="false"
          height="1em"
          stroke="currentColor"
          stroke-width="0"
          viewBox="0 0 24 24"
          width="1em"
          xmlns="http://www.w3.org/2000/svg"
        >
          <path
            d="M0 0h24v24H0z"
            fill="none"
          />
          <path
            d="M19 13H5v-2h14v2z"
          />
        </svg>
      </button>
    </div>
    <input
      class="chakra-input css-0"
      name="quantity"
      type="number"
      value="1"
    />
    <div
      class="chakra-input__right-element css-dp9r5f"
    >
      <button
        aria-label="Increase"
        class="chakra-button css-p7mkev"
        data-testid="increase-quantity"
        type="button"
      >
        <svg
          aria-hidden="true"
          class="chakra-icon css-13otjrl"
          fill="currentColor"
          focusable="false"
          height="1em"
          stroke="currentColor"
          stroke-width="0"
          viewBox="0 0 24 24"
          width="1em"
          xmlns="http://www.w3.org/2000/svg"
        >
          <path
            d="M0 0h24v24H0z"
            fill="none"
          />
          <path
            d="M19 13h-6v6h-2v-6H5v-2h6V5h2v6h6v2z"
          />
        </svg>
      </button>
    </div>
  </div>
</div>
`;

exports[`Quantity should render the quantity with initial props 1`] = `
<div>
  <div
    class="chakra-input__group css-4302v8"
  >
    <div
      class="chakra-input__left-element css-o84xzr"
    >
      <button
        aria-label="Decrease"
        class="chakra-button css-p7mkev"
        data-testid="decrease-quantity"
        type="button"
      >
        <svg
          aria-hidden="true"
          class="chakra-icon css-13otjrl"
          fill="currentColor"
          focusable="false"
          height="1em"
          stroke="currentColor"
          stroke-width="0"
          viewBox="0 0 24 24"
          width="1em"
          xmlns="http://www.w3.org/2000/svg"
        >
          <path
            d="M0 0h24v24H0z"
            fill="none"
          />
          <path
            d="M19 13H5v-2h14v2z"
          />
        </svg>
      </button>
    </div>
    <input
      class="chakra-input css-0"
      name="quantity"
      type="number"
      value="1"
    />
    <div
      class="chakra-input__right-element css-dp9r5f"
    >
      <button
        aria-label="Increase"
        class="chakra-button css-p7mkev"
        data-testid="increase-quantity"
        type="button"
      >
        <svg
          aria-hidden="true"
          class="chakra-icon css-13otjrl"
          fill="currentColor"
          focusable="false"
          height="1em"
          stroke="currentColor"
          stroke-width="0"
          viewBox="0 0 24 24"
          width="1em"
          xmlns="http://www.w3.org/2000/svg"
        >
          <path
            d="M0 0h24v24H0z"
            fill="none"
          />
          <path
            d="M19 13h-6v6h-2v-6H5v-2h6V5h2v6h6v2z"
          />
        </svg>
      </button>
    </div>
  </div>
</div>
`;
